100000 sft samples
steps: 782 (effective batch 256)
/data/coding/lingjie/sft.py:115: FutureWarning: `torch.cuda.amp.GradScaler(args...)` is deprecated. Please use `torch.amp.GradScaler('cuda', args...)` instead.
  scaler = torch.cuda.amp.GradScaler()
{"step": 20, "of": 782, "loss_lm": 0.0963183343410492, "loss_heads": 0.7808497548103333, "tok_s": 42276.70380143332}
{"step": 40, "of": 782, "loss_lm": 0.07840028405189514, "loss_heads": 0.7070481181144714, "tok_s": 42991.92629843961}
{"step": 60, "of": 782, "loss_lm": 0.0856475830078125, "loss_heads": 0.5958718061447144, "tok_s": 43180.875738224146}
{"step": 80, "of": 782, "loss_lm": 0.08550149202346802, "loss_heads": 0.5135615468025208, "tok_s": 43254.60032007515}
{"step": 100, "of": 782, "loss_lm": 0.08757901191711426, "loss_heads": 0.5126945972442627, "tok_s": 43284.26676711817}
{"step": 120, "of": 782, "loss_lm": 0.08593916147947311, "loss_heads": 0.48172682523727417, "tok_s": 43302.843679525686}
{"step": 140, "of": 782, "loss_lm": 0.07972773909568787, "loss_heads": 0.4873313903808594, "tok_s": 43315.05853823758}
{"step": 160, "of": 782, "loss_lm": 0.07827445864677429, "loss_heads": 0.489671528339386, "tok_s": 43323.578671123876}
{"step": 180, "of": 782, "loss_lm": 0.09357296675443649, "loss_heads": 0.48236462473869324, "tok_s": 43328.61775421881}
{"step": 200, "of": 782, "loss_lm": 0.0815829187631607, "loss_heads": 0.4858403503894806, "tok_s": 43333.068342014754}
{"step": 220, "of": 782, "loss_lm": 0.08376869559288025, "loss_heads": 0.4873625338077545, "tok_s": 43337.14110485263}
{"step": 240, "of": 782, "loss_lm": 0.08434919267892838, "loss_heads": 0.48199662566185, "tok_s": 43339.4087726396}
{"step": 260, "of": 782, "loss_lm": 0.07082273811101913, "loss_heads": 0.4692736864089966, "tok_s": 43340.7809223817}
{"step": 280, "of": 782, "loss_lm": 0.08255334198474884, "loss_heads": 0.4929946959018707, "tok_s": 43341.405107738654}
{"step": 300, "of": 782, "loss_lm": 0.07931166887283325, "loss_heads": 0.47265881299972534, "tok_s": 43342.720802589174}
{"step": 320, "of": 782, "loss_lm": 0.08348812907934189, "loss_heads": 0.48173069953918457, "tok_s": 43344.129085059656}
{"step": 340, "of": 782, "loss_lm": 0.07547008991241455, "loss_heads": 0.4799845516681671, "tok_s": 43344.075965278935}
{"step": 360, "of": 782, "loss_lm": 0.07951988279819489, "loss_heads": 0.478689968585968, "tok_s": 43345.84559803377}
{"step": 380, "of": 782, "loss_lm": 0.08582017570734024, "loss_heads": 0.4737794101238251, "tok_s": 43347.508281170594}
{"step": 400, "of": 782, "loss_lm": 0.07302013039588928, "loss_heads": 0.4786166548728943, "tok_s": 43334.22647176305}
{"step": 420, "of": 782, "loss_lm": 0.08250084519386292, "loss_heads": 0.48112672567367554, "tok_s": 43336.6619185663}
{"step": 440, "of": 782, "loss_lm": 0.07698717713356018, "loss_heads": 0.46590229868888855, "tok_s": 43338.91247606527}
{"step": 460, "of": 782, "loss_lm": 0.07900728285312653, "loss_heads": 0.47059252858161926, "tok_s": 43340.816794577026}
{"step": 480, "of": 782, "loss_lm": 0.07790256291627884, "loss_heads": 0.4867159426212311, "tok_s": 43342.22225359432}
{"step": 500, "of": 782, "loss_lm": 0.07597652077674866, "loss_heads": 0.4737277626991272, "tok_s": 43343.61995224373}
{"step": 520, "of": 782, "loss_lm": 0.08554570376873016, "loss_heads": 0.4780001640319824, "tok_s": 43344.57376701943}
{"step": 540, "of": 782, "loss_lm": 0.07657384872436523, "loss_heads": 0.48029524087905884, "tok_s": 43345.6791980326}
{"step": 560, "of": 782, "loss_lm": 0.08572561293840408, "loss_heads": 0.48789140582084656, "tok_s": 43346.85313626175}
{"step": 580, "of": 782, "loss_lm": 0.08743581175804138, "loss_heads": 0.49159014225006104, "tok_s": 43347.61125985996}
{"step": 600, "of": 782, "loss_lm": 0.07805778831243515, "loss_heads": 0.47277170419692993, "tok_s": 43347.71078567298}
{"step": 620, "of": 782, "loss_lm": 0.07986381649971008, "loss_heads": 0.481595903635025, "tok_s": 43348.24947348658}
{"step": 640, "of": 782, "loss_lm": 0.08830221742391586, "loss_heads": 0.4876713454723358, "tok_s": 43349.11004309236}
{"step": 660, "of": 782, "loss_lm": 0.07533278316259384, "loss_heads": 0.4674801230430603, "tok_s": 43349.25595404954}
{"step": 680, "of": 782, "loss_lm": 0.07372041791677475, "loss_heads": 0.4650510847568512, "tok_s": 43350.00466499469}
{"step": 700, "of": 782, "loss_lm": 0.07742363959550858, "loss_heads": 0.4775505065917969, "tok_s": 43350.884564461936}
{"step": 720, "of": 782, "loss_lm": 0.0777091234922409, "loss_heads": 0.4868413209915161, "tok_s": 43351.13869223235}
{"step": 740, "of": 782, "loss_lm": 0.07584837824106216, "loss_heads": 0.46473807096481323, "tok_s": 43351.6293774312}
{"step": 760, "of": 782, "loss_lm": 0.07157088071107864, "loss_heads": 0.4712754786014557, "tok_s": 43352.34714543917}
{"step": 780, "of": 782, "loss_lm": 0.07978441566228867, "loss_heads": 0.4754699468612671, "tok_s": 43353.187792406854}
sft done, steps: 782
