100000 sft samples
steps: 782 (effective batch 256)
/data/coding/lingjie/sft.py:168: FutureWarning: `torch.cuda.amp.GradScaler(args...)` is deprecated. Please use `torch.amp.GradScaler('cuda', args...)` instead.
  scaler = torch.cuda.amp.GradScaler()
{"step": 20, "of": 782, "loss_lm": 0.14169858396053314, "loss_heads": 0.765862226486206, "tok_s": 42302.9871947538}
{"step": 40, "of": 782, "loss_lm": 0.09070272743701935, "loss_heads": 0.7048923969268799, "tok_s": 43017.2133456725}
{"step": 60, "of": 782, "loss_lm": 0.08829799294471741, "loss_heads": 0.6061103343963623, "tok_s": 43191.92273217096}
{"step": 80, "of": 782, "loss_lm": 0.0827060118317604, "loss_heads": 0.5375933051109314, "tok_s": 43257.16389042902}
{"step": 100, "of": 782, "loss_lm": 0.09038077294826508, "loss_heads": 0.5076049566268921, "tok_s": 43290.943994412555}
{"step": 120, "of": 782, "loss_lm": 0.08014480769634247, "loss_heads": 0.49665069580078125, "tok_s": 43312.19114986127}
{"step": 140, "of": 782, "loss_lm": 0.08475452661514282, "loss_heads": 0.4962286353111267, "tok_s": 43323.944795940624}
{"step": 160, "of": 782, "loss_lm": 0.08474908769130707, "loss_heads": 0.4855697453022003, "tok_s": 43325.611704438976}
{"step": 180, "of": 782, "loss_lm": 0.08001875877380371, "loss_heads": 0.4908716082572937, "tok_s": 43326.3538980056}
{"step": 200, "of": 782, "loss_lm": 0.07851333171129227, "loss_heads": 0.47935646772384644, "tok_s": 43327.3424425992}
{"step": 220, "of": 782, "loss_lm": 0.0829993486404419, "loss_heads": 0.47987788915634155, "tok_s": 43325.918932560264}
{"step": 240, "of": 782, "loss_lm": 0.0756610706448555, "loss_heads": 0.4803452789783478, "tok_s": 43323.30404956529}
{"step": 260, "of": 782, "loss_lm": 0.08106542378664017, "loss_heads": 0.47973328828811646, "tok_s": 43323.580847625664}
{"step": 280, "of": 782, "loss_lm": 0.07611040025949478, "loss_heads": 0.4661658704280853, "tok_s": 43323.07097909901}
{"step": 300, "of": 782, "loss_lm": 0.07751351594924927, "loss_heads": 0.484956294298172, "tok_s": 43323.11559902536}
{"step": 320, "of": 782, "loss_lm": 0.07469553500413895, "loss_heads": 0.4735132157802582, "tok_s": 43323.72756995599}
{"step": 340, "of": 782, "loss_lm": 0.07780276238918304, "loss_heads": 0.47354376316070557, "tok_s": 43324.44959807806}
{"step": 360, "of": 782, "loss_lm": 0.07193958014249802, "loss_heads": 0.47215768694877625, "tok_s": 43325.0703089498}
{"step": 380, "of": 782, "loss_lm": 0.07358675450086594, "loss_heads": 0.4676734507083893, "tok_s": 43326.01216138397}
{"step": 400, "of": 782, "loss_lm": 0.08000504225492477, "loss_heads": 0.4783339202404022, "tok_s": 43310.06622258892}
{"step": 420, "of": 782, "loss_lm": 0.07357768714427948, "loss_heads": 0.4714483618736267, "tok_s": 43312.01866560771}
{"step": 440, "of": 782, "loss_lm": 0.07406088709831238, "loss_heads": 0.4641417860984802, "tok_s": 43313.81686353248}
{"step": 460, "of": 782, "loss_lm": 0.07256531715393066, "loss_heads": 0.4757084846496582, "tok_s": 43315.066917561955}
{"step": 480, "of": 782, "loss_lm": 0.07665783166885376, "loss_heads": 0.4852217137813568, "tok_s": 43315.99700942087}
{"step": 500, "of": 782, "loss_lm": 0.07545007020235062, "loss_heads": 0.47888824343681335, "tok_s": 43316.77990827794}
{"step": 520, "of": 782, "loss_lm": 0.0688275471329689, "loss_heads": 0.46152645349502563, "tok_s": 43317.07269943604}
{"step": 540, "of": 782, "loss_lm": 0.07906043529510498, "loss_heads": 0.47797632217407227, "tok_s": 43317.98045390938}
{"step": 560, "of": 782, "loss_lm": 0.07018455862998962, "loss_heads": 0.4721985459327698, "tok_s": 43318.61958899307}
{"step": 580, "of": 782, "loss_lm": 0.07258112728595734, "loss_heads": 0.4683690667152405, "tok_s": 43318.64187280978}
{"step": 600, "of": 782, "loss_lm": 0.07259978353977203, "loss_heads": 0.47866594791412354, "tok_s": 43318.91672785524}
{"step": 620, "of": 782, "loss_lm": 0.07544050365686417, "loss_heads": 0.47870510816574097, "tok_s": 43319.435763936766}
{"step": 640, "of": 782, "loss_lm": 0.07164550572633743, "loss_heads": 0.4657699167728424, "tok_s": 43319.36939515338}
{"step": 660, "of": 782, "loss_lm": 0.07356449961662292, "loss_heads": 0.46872416138648987, "tok_s": 43320.08162561082}
{"step": 680, "of": 782, "loss_lm": 0.07491733133792877, "loss_heads": 0.4746842682361603, "tok_s": 43320.624019328636}
{"step": 700, "of": 782, "loss_lm": 0.07346425950527191, "loss_heads": 0.4777867794036865, "tok_s": 43321.50655652363}
{"step": 720, "of": 782, "loss_lm": 0.06843646615743637, "loss_heads": 0.463736355304718, "tok_s": 43322.412671371065}
{"step": 740, "of": 782, "loss_lm": 0.07799077033996582, "loss_heads": 0.4731530249118805, "tok_s": 43323.12181013174}
{"step": 760, "of": 782, "loss_lm": 0.07169482111930847, "loss_heads": 0.4669816792011261, "tok_s": 43323.4246431862}
{"step": 780, "of": 782, "loss_lm": 0.07361738383769989, "loss_heads": 0.4653465449810028, "tok_s": 43323.8573493894}
sft done, steps: 782
